// Jest Snapshot v1, https://goo.gl/fbAQLP

exports[`Counter.vue Debe hacer match con el snapshot 1`] = `
<h2>Counter: 1<sup>2</sup> = 1</h2>
<div><button class="minus">-</button><button class="plus">+</button></div>
`;
